components/landing/DashboardPreview.tsx(202,20): error TS2304: Cannot find name 'Button'.
components/landing/DashboardPreview.tsx(202,224): error TS2304: Cannot find name 'Button'.
